A51 MACRO ASSEMBLER  DEMO                                                                 01/09/2024 14:36:14 PAGE     1


MACRO ASSEMBLER A51 V8.2.7.0
OBJECT MODULE PLACED IN .\Objects\Demo.obj
ASSEMBLER INVOKED BY: D:\Keil_v5\C51\BIN\A51.EXE Demo.a51 SET(SMALL) DEBUG PRINT(.\Listings\Demo.lst) OBJECT(.\Objects\D
                      emo.obj) EP

LOC  OBJ            LINE     SOURCE

                       1     
                       2     
0000                   3     ORG 0H
0000 020100            4     LJMP MAIN
0100                   5     ORG 100H
                       6     
0100                   7     MAIN:
0100 E530              8     MOV A,30H
0102 A931              9     MOV R1,31H
0104 29               10     ADD A,R1
0105 F533             11     MOV 33H,A
                      12     
0107 80FE             13     HERE: SJMP HERE
                      14     END
A51 MACRO ASSEMBLER  DEMO                                                                 01/09/2024 14:36:14 PAGE     2

SYMBOL TABLE LISTING
------ ----- -------


N A M E             T Y P E  V A L U E   ATTRIBUTES

HERE . . . . . . .  C ADDR   0107H   A   
MAIN . . . . . . .  C ADDR   0100H   A   


REGISTER BANK(S) USED: 0 


ASSEMBLY COMPLETE.  0 WARNING(S), 0 ERROR(S)
