A51 MACRO ASSEMBLER  LCM_HCF                                                              02/01/2024 00:35:17 PAGE     1


MACRO ASSEMBLER A51 V8.2.7.0
OBJECT MODULE PLACED IN .\Objects\LCM_HCF.obj
ASSEMBLER INVOKED BY: D:\Keil_v5\C51\BIN\A51.EXE LCM_HCF.a51 SET(SMALL) DEBUG PRINT(.\Listings\LCM_HCF.lst) OBJECT(.\Obj
                      ects\LCM_HCF.obj) EP

LOC  OBJ            LINE     SOURCE

0000                   1     ORG 0H
0000 020100            2     LJMP MAIN
0100                   3     ORG 100H
                       4             
0100                   5     MAIN:
0100 75500F            6     MOV 50H , #0FH
0103 75510C            7     MOV 51H , #0CH
0106 3130              8     ACALL ABC
0108 3180              9     ACALL HERE
0180                  10     ORG 180H
0180 80FE             11     HERE : SJMP HERE
                      12     
0130                  13     ORG 130H
0130                  14     ABC:
0130 E550             15     MOV A , 50H
0132 8551F0           16     MOV B , 51H
0135 A4               17     MUL AB
0136 FC               18     MOV R4 , A
0137 3141             19     ACALL XYZ
0139 8552F0           20     MOV B , 52H
013C EC               21     MOV A , R4
013D 84               22     DIV AB
013E F553             23     MOV 53H , A
0140 22               24     RET
                      25     
0141                  26     XYZ:
0141 E550             27     MOV A , 50H
0143 8551F0           28     MOV B , 51H
0146 95F0             29     S: SUBB A , B
0148 4009             30     JC HERE1
014A 6009             31     JZ HERE2
014C AAF0             32     MOV R2 , B 
014E BA00F5           33     CJNE R2 , #00H , S
0151 800F             34     JMP ENDING
0153                  35     HERE1:
0153 F4               36     CPL A
0154 04               37     INC A
0155                  38     HERE2:
0155 65F0             39     XRL A , B
0157 62F0             40     XRL B , A
0159 65F0             41     XRL A , B
015B AAF0             42     MOV R2 , B
015D BA00E6           43     CJNE R2 , #00H , S
0160 8000             44     JMP ENDING
0162                  45     ENDING:
0162 F552             46     MOV 52H , A
0164 22               47     RET
                      48     
                      49     END
                             
A51 MACRO ASSEMBLER  LCM_HCF                                                              02/01/2024 00:35:17 PAGE     2

SYMBOL TABLE LISTING
------ ----- -------


N A M E             T Y P E  V A L U E   ATTRIBUTES

ABC. . . . . . . .  C ADDR   0130H   A   
B. . . . . . . . .  D ADDR   00F0H   A   
ENDING . . . . . .  C ADDR   0162H   A   
HERE . . . . . . .  C ADDR   0180H   A   
HERE1. . . . . . .  C ADDR   0153H   A   
HERE2. . . . . . .  C ADDR   0155H   A   
MAIN . . . . . . .  C ADDR   0100H   A   
S. . . . . . . . .  C ADDR   0146H   A   
XYZ. . . . . . . .  C ADDR   0141H   A   


REGISTER BANK(S) USED: 0 


ASSEMBLY COMPLETE.  0 WARNING(S), 0 ERROR(S)
