C51 COMPILER V9.60.7.0   ADC_INTERFACING                                                   04/02/2024 15:37:58 PAGE 1   


C51 COMPILER V9.60.7.0, COMPILATION OF MODULE ADC_INTERFACING
OBJECT MODULE PLACED IN .\Objects\ADC_Interfacing.obj
COMPILER INVOKED BY: D:\Keil_v5\C51\BIN\C51.EXE ADC_Interfacing.c OPTIMIZE(8,SPEED) BROWSE DEBUG OBJECTEXTEND PRINT(.\Li
                    -stings\ADC_Interfacing.lst) TABS(2) OBJECT(.\Objects\ADC_Interfacing.obj)

line level    source

   1          /**********************************************************
   2          EE337: ADC IC MCP3008 interfacing with pt-51
   3          (1) Complete spi_init() function from spi.h 
   4          
   5          ***********************************************************/
   6          
   7          #include <at89c5131.h>
   8          #include "lcd.h"                                        //Driver for interfacing lcd 
   9          #include "mcp3008.h"                                    //Driver for interfacing ADC ic MCP3008
  10          
  11          
  12          char adc_ip_data_ascii[6]={0,0,0,0,0,'\0'}; //string array for saving ascii of input sample
  13          char adc_ip_data_ascii2[6]={0,0,0,0,0,'\0'};
  14          char adc_ip_data_ascii3[6]={0,0,0,0,0,'\0'};
  15          code unsigned char display_msg1[]="Volt.: ";            //Display msg on 1st line of lcd
  16          code unsigned char display_msg2[]=" mV";                //Display msg on 2nd line of lcd
  17          
  18          unsigned int voltage[10];
  19          int j = 0;
  20          void main(void)
  21          {
  22   1        unsigned int adc_data=0;
  23   1        spi_init();                                         
  24   1        adc_init();
  25   1        lcd_init();
  26   1        
  27   1        while(1)
  28   1        {
  29   2          unsigned int x;
  30   2          x = adc(3);     //Read analog value from 0th channel of ADC Ic MCP3008
  31   2          adc_data = (unsigned int) (x*3.2258);               //Converting received 10 bits value to milli volt (50*i/p /
             -1023)
  32   2          int_to_string(x,adc_ip_data_ascii);
  33   2          int_to_string(adc_data,adc_ip_data_ascii2);
  34   2        
  35   2        lcd_cmd(0x80);                          //Move cursor to 2nd line of LCD
  36   2        lcd_write_string("Volt.: ");
  37   2        lcd_write_string(adc_ip_data_ascii2);   
  38   2        lcd_write_string(display_msg2); 
  39   2        voltage[j] = adc_data;
  40   2        j++;
  41   2        }
  42   1      }


MODULE INFORMATION:   STATIC OVERLAYABLE
   CODE SIZE        =    691    ----
   CONSTANT SIZE    =     20    ----
   XDATA SIZE       =   ----    ----
   PDATA SIZE       =   ----    ----
   DATA SIZE        =     41      28
   IDATA SIZE       =   ----    ----
   BIT SIZE         =      1    ----
END OF MODULE INFORMATION.

C51 COMPILER V9.60.7.0   ADC_INTERFACING                                                   04/02/2024 15:37:58 PAGE 2   


C51 COMPILATION COMPLETE.  0 WARNING(S),  0 ERROR(S)
